// Jest Snapshot v1, https://goo.gl/fbAQLP

exports[`matches snapshot 1`] = `
<DocumentFragment>
  <div
    class="LoginForm"
  >
    <div
      class="container col-md-6 offset-md-3 col-lg-4 offset-lg-4"
    >
      <div
        class="card"
      >
        <div
          class="card-body"
        >
          <h2
            class="mb-3 loginFormTitle"
          >
            Log In
          </h2>
          <form>
            <div
              class="form-group"
            >
              <label>
                Username
              </label>
              <input
                autocomplete="username"
                class="form-control"
                name="username"
                required=""
                value=""
              />
            </div>
            <div
              class="form-group"
            >
              <label>
                Password
              </label>
              <input
                autocomplete="current-password"
                class="form-control"
                name="password"
                required=""
                type="password"
                value=""
              />
            </div>
            <button
              class="btn btn-primary loginFormBtn"
            >
              Submit
            </button>
          </form>
        </div>
      </div>
    </div>
  </div>
</DocumentFragment>
`;
