// Jest Snapshot v1, https://goo.gl/fbAQLP

exports[`matches snapshot 1`] = `
<DocumentFragment>
  <nav
    aria-label="Page navigation example"
  >
    <ul
      class="pagination"
    />
  </nav>
</DocumentFragment>
`;
