// Jest Snapshot v1, https://goo.gl/fbAQLP

exports[`matches snapshot 1`] = `
<DocumentFragment>
  <div
    class="col-md-6 col-lg-4 offset-md-3 offset-lg-4 profileForm"
  >
    <div
      class="card"
    >
      <div
        class="card-body"
      >
        <h3>
           testuser's Profile
        </h3>
        <form>
          <div
            class="form-group profile-form-group"
          >
            <label>
              First Name
            </label>
            <input
              class="form-control"
              name="firstName"
              value=""
            />
          </div>
          <div
            class="form-group profile-form-group"
          >
            <label>
              Last Name
            </label>
            <input
              class="form-control"
              name="lastName"
              value=""
            />
          </div>
          <div
            class="form-group profile-form-group"
          >
            <label>
              Email
            </label>
            <input
              class="form-control"
              disabled=""
              name="email"
              value="test@test.net"
            />
          </div>
          <button
            class="btn btn-primary btn-block mt-1 profileFormBtn"
          >
            Save Changes
          </button>
        </form>
      </div>
    </div>
  </div>
</DocumentFragment>
`;
